// Jest Snapshot v1, https://goo.gl/fbAQLP

exports[`Uu5Forms exported API 1`] = `
{
  "CancelButton": "function",
  "Checkbox": "function",
  "Checkbox.Input": "function",
  "Checkbox.RadioInput": "function",
  "Checkbox.validationMap": "object",
  "Checkboxes": "function",
  "Checkboxes.Input": "function",
  "Checkboxes.Input.validationMap": "object",
  "Color": "function",
  "Color.Input": "function",
  "Color.Input.validationMap": "object",
  "Color.Picker": "function",
  "Color.validationMap": "object",
  "Date": "function",
  "Date.Box": "function",
  "Date.Input": "function",
  "Date.Input.Box": "function",
  "Date.Input.validationMap": "object",
  "Date.validationMap": "object",
  "DateRange": "function",
  "DateRange.Box": "function",
  "DateRange.Input": "function",
  "DateRange.Input.Box": "function",
  "DateRange.Input.validationMap": "object",
  "DateRange.validationMap": "object",
  "DateTime": "function",
  "DateTime.Input": "function",
  "DateTime.Input.validationMap": "object",
  "DateTime.validationMap": "object",
  "DateTimeRangeProvider": "function",
  "Email": "function",
  "Email.Input": "function",
  "Email.Input.validationMap": "object",
  "File": "function",
  "File.Input": "function",
  "File.Input.validationMap": "object",
  "File.validationMap": "object",
  "Form": "function",
  "Form.Provider": "function",
  "Form.Provider.State": "function",
  "Form.Provider.validationMap": "object",
  "Form.UnhandledError": "function",
  "Form.View": "function",
  "Form.View.COLUMN_GAP_SPACING": "string",
  "Form.View.ROW_GAP_SPACING": "string",
  "FormCheckbox": "function",
  "FormCheckbox.Input": "function",
  "FormCheckbox.RadioInput": "function",
  "FormCheckbox.validationMap": "object",
  "FormCheckboxes": "function",
  "FormCheckboxes.Input": "function",
  "FormColor": "function",
  "FormColor.Input": "function",
  "FormColor.Picker": "function",
  "FormColor.validationMap": "object",
  "FormDate": "function",
  "FormDate.Box": "function",
  "FormDate.Input": "function",
  "FormDate.validationMap": "object",
  "FormDateRange": "function",
  "FormDateRange.Box": "function",
  "FormDateRange.Input": "function",
  "FormDateRange.validationMap": "object",
  "FormDateTime": "function",
  "FormDateTime.Input": "function",
  "FormDateTime.validationMap": "object",
  "FormEmail": "function",
  "FormEmail.Input": "function",
  "FormFile": "function",
  "FormFile.Input": "function",
  "FormFile.validationMap": "object",
  "FormIcon": "function",
  "FormIcon.Input": "function",
  "FormIcon.Picker": "function",
  "FormIcon.validationMap": "object",
  "FormLink": "function",
  "FormLink.Input": "function",
  "FormLsi": "function",
  "FormLsi.Input": "function",
  "FormLsi.validationMap": "object",
  "FormMonth": "function",
  "FormMonth.Input": "function",
  "FormMonth.validationMap": "object",
  "FormMonthRange": "function",
  "FormMonthRange.Box": "function",
  "FormMonthRange.Input": "function",
  "FormMonthRange.validationMap": "object",
  "FormNumber": "function",
  "FormNumber.Input": "function",
  "FormPassword": "function",
  "FormPassword.Input": "function",
  "FormPassword.validationMap": "object",
  "FormQuarter": "function",
  "FormQuarter.Box": "function",
  "FormQuarter.Input": "function",
  "FormQuarter.validationMap": "object",
  "FormQuarterRange": "function",
  "FormQuarterRange.Box": "function",
  "FormQuarterRange.Input": "function",
  "FormQuarterRange.validationMap": "object",
  "FormRadios": "function",
  "FormRadios.Input": "function",
  "FormSelect": "function",
  "FormSelect.Field": "function",
  "FormSelect.Input": "function",
  "FormSelect.Options": "function",
  "FormSelect.SelectedOptions": "function",
  "FormSlider": "function",
  "FormSwitchSelect": "function",
  "FormSwitchSelect.Input": "function",
  "FormText": "function",
  "FormText.Input": "function",
  "FormTextArea": "function",
  "FormTextArea.Input": "function",
  "FormTextSelect": "function",
  "FormTextSelect.Field": "function",
  "FormTextSelect.Input": "function",
  "FormTextSelect.Options": "function",
  "FormTextSelect.SelectedOptions": "function",
  "FormTextSelectAsync": "function",
  "FormTextSelectAsync.Field": "function",
  "FormTextSelectAsync.Input": "function",
  "FormTextSelectAsync.Options": "function",
  "FormTextSelectAsync.SelectedOptions": "function",
  "FormTextSelectAsync.validationMap": "object",
  "FormTime": "function",
  "FormTime.Input": "function",
  "FormTime.validationMap": "object",
  "FormWeek": "function",
  "FormWeek.Input": "function",
  "FormWeek.validationMap": "object",
  "FormWeekRange": "function",
  "FormWeekRange.Box": "function",
  "FormWeekRange.Input": "function",
  "FormWeekRange.validationMap": "object",
  "FormYear": "function",
  "FormYear.Input": "function",
  "FormYear.validationMap": "object",
  "FormYearRange": "function",
  "FormYearRange.Box": "function",
  "FormYearRange.Input": "function",
  "FormYearRange.validationMap": "object",
  "Icon": "function",
  "Icon.Input": "function",
  "Icon.Input.validationMap": "object",
  "Icon.Picker": "function",
  "Icon.validationMap": "object",
  "Label": "function",
  "Link": "function",
  "Link.Input": "function",
  "Link.Input.validationMap": "object",
  "Lsi": "function",
  "Lsi.Input": "function",
  "Lsi.Input.validationMap": "object",
  "Lsi.validationMap": "object",
  "Message": "function",
  "Month": "function",
  "Month.Input": "function",
  "Month.Input.validationMap": "object",
  "Month.validationMap": "object",
  "MonthRange": "function",
  "MonthRange.Box": "function",
  "MonthRange.Input": "function",
  "MonthRange.Input.Box": "function",
  "MonthRange.Input.validationMap": "object",
  "MonthRange.validationMap": "object",
  "Number": "function",
  "Number.Input": "function",
  "Number.Input.validationMap": "object",
  "Password": "function",
  "Password.Input": "function",
  "Password.Input.validationMap": "object",
  "Password.validationMap": "object",
  "Quarter": "function",
  "Quarter.Box": "function",
  "Quarter.Input": "function",
  "Quarter.Input.Box": "function",
  "Quarter.Input.validationMap": "object",
  "Quarter.validationMap": "object",
  "QuarterRange": "function",
  "QuarterRange.Box": "function",
  "QuarterRange.Input": "function",
  "QuarterRange.Input.Box": "function",
  "QuarterRange.Input.validationMap": "object",
  "QuarterRange.validationMap": "object",
  "Radios": "function",
  "Radios.Input": "function",
  "Radios.Input.validationMap": "object",
  "ResetButton": "function",
  "Select": "function",
  "Select.Field": "function",
  "Select.Input": "function",
  "Select.Options": "function",
  "Select.SelectedOptions": "function",
  "Slider": "function",
  "Slider.Input": "function",
  "Slider.Input.validationMap": "object",
  "Slider.validationMap": "object",
  "SubmitButton": "function",
  "SwitchSelect": "function",
  "SwitchSelect.Input": "function",
  "SwitchSelect.Input.validationMap": "object",
  "Text": "function",
  "Text.Input": "function",
  "Text.Input.validationMap": "object",
  "TextArea": "function",
  "TextArea.Input": "function",
  "TextArea.Input.validationMap": "object",
  "TextSelect": "function",
  "TextSelect.Field": "function",
  "TextSelect.Input": "function",
  "TextSelect.Options": "function",
  "TextSelect.SelectedOptions": "function",
  "TextSelectAsync": "function",
  "TextSelectAsync.Field": "function",
  "TextSelectAsync.Input": "function",
  "TextSelectAsync.Input.validationMap": "object",
  "TextSelectAsync.Options": "function",
  "TextSelectAsync.SelectedOptions": "function",
  "TextSelectAsync.validationMap": "object",
  "Time": "function",
  "Time.Input": "function",
  "Time.Input.validationMap": "object",
  "Time.validationMap": "object",
  "Week": "function",
  "Week.Input": "function",
  "Week.Input.validationMap": "object",
  "Week.validationMap": "object",
  "WeekRange": "function",
  "WeekRange.Box": "function",
  "WeekRange.Input": "function",
  "WeekRange.Input.Box": "function",
  "WeekRange.Input.validationMap": "object",
  "WeekRange.validationMap": "object",
  "Wizard": "object",
  "Wizard.Content": "function",
  "Wizard.PreviousButton": "function",
  "Wizard.Provider": "function",
  "Wizard.Stepper": "function",
  "Wizard.SubmitButton": "function",
  "Year": "function",
  "Year.Input": "function",
  "Year.Input.validationMap": "object",
  "Year.validationMap": "object",
  "YearRange": "function",
  "YearRange.Box": "function",
  "YearRange.Input": "function",
  "YearRange.Input.Box": "function",
  "YearRange.Input.validationMap": "object",
  "YearRange.validationMap": "object",
  "useDateTimeFormat": "function",
  "useForm": "function",
  "useFormApi": "function",
  "useValidatorMap": "function",
  "useWizard": "function",
  "withExtensionInput": "function",
  "withFormInput": "function",
  "withFormItem": "function",
  "withSubformItem": "function",
  "withValidationInput": "function",
  "withValidationMap": "function",
}
`;
