// Jest Snapshot v1, https://goo.gl/fbAQLP

exports[`Uu5 exported API 1`] = `
{
  "Config": "object",
  "Config.Css": "object",
  "Config.Css.cache": "object",
  "Config.Css.css": "function",
  "Config.Css.cx": "function",
  "Config.Css.flush": "function",
  "Config.Css.getRegisteredStyles": "function",
  "Config.Css.hydrate": "function",
  "Config.Css.injectGlobal": "function",
  "Config.Css.join": "function",
  "Config.Css.keyframes": "function",
  "Config.Css.merge": "function",
  "Config.Css.sheet": "object",
  "Config.TAG": "string",
  "FormInputComponent": "object",
  "FormInputComponent.setup": "function",
  "FormInputComponent.testExtensionInputProperties": "function",
  "FormInputComponent.testProperties": "function",
  "FormItemComponent": "object",
  "FormItemComponent.setup": "function",
  "InputComponent": "object",
  "InputComponent.setup": "function",
  "InputComponent.testProperties": "function",
  "Session": "object",
  "Session.TEST_IDENTITY": "object",
  "Session.instance": "object",
  "Session.reset": "function",
  "Session.setExpiring": "function",
  "Session.setIdentity": "function",
  "Session.setPending": "function",
  "Test": "object",
  "Test.Wrapper": "function",
  "Test.act": "function",
  "Test.buildQueries": "function",
  "Test.cleanUp": "undefined",
  "Test.configure": "function",
  "Test.createEvent": "function",
  "Test.createHookComponent": "function",
  "Test.fireEvent": "function",
  "Test.getNodeText": "function",
  "Test.getRoles": "function",
  "Test.isInaccessible": "function",
  "Test.logRoles": "function",
  "Test.prettyDOM": "function",
  "Test.queries": "object",
  "Test.queryHelpers": "object",
  "Test.render": "function",
  "Test.renderHook": "function",
  "Test.screen": "object",
  "Test.userEvent": "object",
  "Test.waitFor": "function",
  "Test.waitForElementToBeRemoved": "function",
  "Test.within": "function",
  "Utils": "object",
  "Utils.omitConsoleLogs": "function",
  "Utils.wait": "function",
  "VisualComponent": "object",
  "VisualComponent.colorConvert": "function",
  "VisualComponent.setup": "function",
  "VisualComponent.testBackground": "function",
  "VisualComponent.testBorderRadius": "function",
  "VisualComponent.testColorScheme": "function",
  "VisualComponent.testProperties": "function",
  "VisualComponent.testSignificance": "function",
  "VisualComponent.testTooltip": "function",
  "VisualComponent.testTooltipLsi": "function",
  "act": "function",
  "initHookRenderer": "function",
  "mount": "function",
  "omitConsoleLogs": "function",
  "renderHook": "function",
  "setInputValue": "function",
  "shallow": "function",
  "testProperties": "function",
  "testProperty": "function",
  "wait": "function",
  "waitUntilCalled": "function",
  "waitUntilCalledTimes": "function",
  "waitWhile": "function",
}
`;
