// Jest Snapshot v1, https://goo.gl/fbAQLP

exports[`Uu5Elements exported API 1`] = `
{
  "Accordion": "function",
  "ActionGroup": "function",
  "Alert": "function",
  "AlertBus": "function",
  "Badge": "function",
  "Block": "function",
  "Block.View": "function",
  "Box": "function",
  "Breadcrumbs": "function",
  "Button": "function",
  "ButtonGroup": "function",
  "Calendar": "object",
  "Carousel": "function",
  "CollapsibleBox": "function",
  "ColorPalette": "function",
  "ColorPalette.Item": "function",
  "ContextCenterButton": "function",
  "DateTime": "function",
  "Dialog": "function",
  "Drawer": "function",
  "Dropdown": "function",
  "Flag": "function",
  "Flag.BASE_URI": "string",
  "Grid": "function",
  "Grid.Item": "function",
  "GridTemplate": "function",
  "Header": "function",
  "HighlightedBox": "function",
  "Icon": "function",
  "InfoGroup": "function",
  "InfoItem": "function",
  "Input": "function",
  "Label": "function",
  "LanguageSelector": "function",
  "Line": "function",
  "Link": "function",
  "LinkPanel": "function",
  "ListItem": "function",
  "ListLayout": "function",
  "MenuItem": "function",
  "MenuList": "function",
  "Modal": "function",
  "ModalBus": "function",
  "ModalBus.RestoreButton": "function",
  "Number": "function",
  "Pagination": "function",
  "Panel": "function",
  "Pending": "function",
  "PlaceholderBox": "function",
  "PlaceholderBox.CODE_MAP": "object",
  "Popover": "function",
  "Progress": "function",
  "RichIcon": "function",
  "RichLink": "function",
  "ScrollableBox": "function",
  "ScrollableBox.getScrollbarStyles": "function",
  "SideDetailLayout": "function",
  "SideDetailLayout.Detail": "function",
  "SideDetailLayout.Provider": "function",
  "Skeleton": "function",
  "SpacingProvider": "function",
  "SpeechButton": "function",
  "SpeechButton.isEnabled": "boolean",
  "Stepper": "function",
  "Svg": "function",
  "SwitchSelectVertical": "function",
  "Tabs": "function",
  "Tag": "function",
  "Text": "function",
  "Tile": "function",
  "Toggle": "function",
  "Toggle.Button": "function",
  "Toolbar": "function",
  "Toolbar.Content": "function",
  "Tooltip": "function",
  "TouchButton": "function",
  "TouchLink": "function",
  "UuGds": "object",
  "UuGds.BorderPalette": "object",
  "UuGds.BorderPalette.getValue": "function",
  "UuGds.ColorPalette": "object",
  "UuGds.ColorPalette.generateColor": "function",
  "UuGds.ColorPalette.generateTheme": "function",
  "UuGds.ColorPalette.getValue": "function",
  "UuGds.EffectPalette": "object",
  "UuGds.EffectPalette.getStyles": "function",
  "UuGds.EffectPalette.getValue": "function",
  "UuGds.RadiusPalette": "object",
  "UuGds.RadiusPalette.getValue": "function",
  "UuGds.Shape": "object",
  "UuGds.Shape.getStateStyles": "function",
  "UuGds.Shape.getValue": "function",
  "UuGds.SizingPalette": "object",
  "UuGds.SizingPalette.getValue": "function",
  "UuGds.SpacingPalette": "object",
  "UuGds.SpacingPalette.getValue": "function",
  "UuGds.Text": "object",
  "UuGds.Text.getValue": "function",
  "UuGds.Typography": "object",
  "UuGds.Typography.getValue": "function",
  "UuGds.getShapeStateStyles": "function",
  "UuGds.getSizes": "function",
  "UuGds.getValue": "function",
  "UuGds.setMeaningColor": "function",
  "ViewportStickyBottomPlaceholder": "function",
  "useAlertBus": "function",
  "useComponentPaste": "function",
  "useModal": "function",
  "useScrollableParentElement": "function",
  "useSpacing": "function",
  "withRouteLink": "function",
  "withToolbar": "function",
  "withTooltip": "function",
}
`;
